// Vitest Snapshot v1, https://vitest.dev/guide/snapshot.html

exports[`AppNavigation.vue > should render with nav-container open 1`] = `
<div
  data-v-941bc754=""
>
  <div
    class="nav-container"
    data-v-941bc754=""
  >
    <nav
      aria-label="appNavigation.primaryNavigation"
      data-v-941bc754=""
    >
      <ul
        class="nav flex-column mb-4"
        data-v-941bc754=""
      >
        
        
      </ul>
    </nav>
  </div>
  <transition-stub
    appear="false"
    css="true"
    data-v-941bc754=""
    name="fade"
    persisted="false"
  >
    <!--v-if-->
  </transition-stub>
</div>
`;
